{
  "Entries": [
    {
      "RequestUri": "https://management.azure.com/subscriptions/ab716eee-96d3-4021-9fa7-1b01da5de034?api-version=2021-01-01",
      "RequestMethod": "GET",
      "RequestHeaders": {
        "Accept": "application/json",
        "Authorization": "Sanitized",
        "traceparent": "00-a7d6d27c08b7eabbbebf4f555ade3ce8-178dcbf396b94348-00",
        "User-Agent": "azsdk-net-ResourceManager/1.0.0-alpha.20220224.1 (.NET 6.0.2; Microsoft Windows 10.0.22000) azsdk-net-ResourceManager/1.0.0-alpha.20220224.1 (.NET 6.0.2; Microsoft Windows 10.0.22000)",
        "x-ms-client-request-id": "91acf37a1b75ce1863a7b76250fd3afc",
        "x-ms-return-client-request-id": "true"
      },
      "RequestBody": null,
      "StatusCode": 200,
      "ResponseHeaders": {
        "Cache-Control": "no-cache",
        "Content-Length": "406",
        "Content-Type": "application/json; charset=utf-8",
        "Date": "Thu, 24 Feb 2022 04:04:40 GMT",
        "Expires": "-1",
        "Pragma": "no-cache",
        "Strict-Transport-Security": "max-age=31536000; includeSubDomains",
        "X-Content-Type-Options": "nosniff",
        "x-ms-correlation-request-id": "b77ccf05-03c7-4f6f-a751-6ad634b13734",
        "x-ms-ratelimit-remaining-subscription-reads": "11658",
        "x-ms-request-id": "b77ccf05-03c7-4f6f-a751-6ad634b13734",
        "x-ms-routing-request-id": "KOREASOUTH:20220224T040441Z:b77ccf05-03c7-4f6f-a751-6ad634b13734"
      },
      "ResponseBody": {
        "id": "/subscriptions/ab716eee-96d3-4021-9fa7-1b01da5de034",
        "authorizationSource": "RoleBased",
        "managedByTenants": [],
        "subscriptionId": "ab716eee-96d3-4021-9fa7-1b01da5de034",
        "tenantId": "6d1de6b2-88b7-42b6-9b3e-89a4351d16b4",
        "displayName": "Visual Studio Professional \u8BA2\u9605",
        "state": "Enabled",
        "subscriptionPolicies": {
          "locationPlacementId": "Public_2014-09-01",
          "quotaId": "MSDN_2014-09-01",
          "spendingLimit": "On"
        }
      }
    },
    {
      "RequestUri": "https://management.azure.com/subscriptions/ab716eee-96d3-4021-9fa7-1b01da5de034/resourcegroups/Default-AppConfiguration-3709?api-version=2021-04-01",
      "RequestMethod": "PUT",
      "RequestHeaders": {
        "Accept": "application/json",
        "Authorization": "Sanitized",
        "Content-Length": "31",
        "Content-Type": "application/json",
        "traceparent": "00-9fa426d735b99a3151b812098c710618-e80dec31864e285f-00",
        "User-Agent": "azsdk-net-ResourceManager/1.0.0-alpha.20220224.1 (.NET 6.0.2; Microsoft Windows 10.0.22000) azsdk-net-ResourceManager/1.0.0-alpha.20220224.1 (.NET 6.0.2; Microsoft Windows 10.0.22000)",
        "x-ms-client-request-id": "842f24d0292154d1ba5fd0ad5d1b8edf",
        "x-ms-return-client-request-id": "true"
      },
      "RequestBody": {
        "tags": {},
        "location": "eastus"
      },
      "StatusCode": 201,
      "ResponseHeaders": {
        "Cache-Control": "no-cache",
        "Content-Length": "265",
        "Content-Type": "application/json; charset=utf-8",
        "Date": "Thu, 24 Feb 2022 04:04:41 GMT",
        "Expires": "-1",
        "Pragma": "no-cache",
        "Strict-Transport-Security": "max-age=31536000; includeSubDomains",
        "X-Content-Type-Options": "nosniff",
        "x-ms-correlation-request-id": "6dcf8988-e466-42d2-ab15-816bddfd58e2",
        "x-ms-ratelimit-remaining-subscription-writes": "1081",
        "x-ms-request-id": "6dcf8988-e466-42d2-ab15-816bddfd58e2",
        "x-ms-routing-request-id": "KOREASOUTH:20220224T040442Z:6dcf8988-e466-42d2-ab15-816bddfd58e2"
      },
      "ResponseBody": {
        "id": "/subscriptions/ab716eee-96d3-4021-9fa7-1b01da5de034/resourceGroups/Default-AppConfiguration-3709",
        "name": "Default-AppConfiguration-3709",
        "type": "Microsoft.Resources/resourceGroups",
        "location": "eastus",
        "tags": {},
        "properties": {
          "provisioningState": "Succeeded"
        }
      }
    },
    {
      "RequestUri": "https://management.azure.com/subscriptions/ab716eee-96d3-4021-9fa7-1b01da5de034/resourceGroups/Default-AppConfiguration-3709/providers/Microsoft.AppConfiguration/configurationStores/testapp-3882?api-version=2021-10-01-preview",
      "RequestMethod": "PUT",
      "RequestHeaders": {
        "Accept": "application/json",
        "Authorization": "Sanitized",
        "Content-Length": "105",
        "Content-Type": "application/json",
        "traceparent": "00-c5591f33f25bbc36232bf65457670fe7-7a1b6dedd77e8b1d-00",
        "User-Agent": "azsdk-net-ResourceManager.AppConfiguration/1.0.0-alpha.20220224.1 (.NET 6.0.2; Microsoft Windows 10.0.22000) azsdk-net-ResourceManager/1.0.0-alpha.20220224.1 (.NET 6.0.2; Microsoft Windows 10.0.22000)",
        "x-ms-client-request-id": "cbe5b5d452b0bb5f1a77781fe487f7b6",
        "x-ms-return-client-request-id": "true"
      },
      "RequestBody": {
        "sku": {
          "name": "Standard"
        },
        "tags": {},
        "location": "eastus",
        "properties": {
          "publicNetworkAccess": "Disabled"
        }
      },
      "StatusCode": 201,
      "ResponseHeaders": {
        "Azure-AsyncOperation": "https://management.azure.com/subscriptions/ab716eee-96d3-4021-9fa7-1b01da5de034/providers/Microsoft.AppConfiguration/locations/eastus/operationsStatus/4f681a73-dc98-63ad-2b88-1793e590ea18?api-version=2021-10-01-preview",
        "Cache-Control": "no-cache",
        "Content-Length": "578",
        "Content-Type": "application/json; charset=utf-8",
        "Date": "Thu, 24 Feb 2022 04:04:44 GMT",
        "Expires": "-1",
        "Pragma": "no-cache",
        "Retry-After": "10",
        "Server": "nginx/1.17.10",
        "Strict-Transport-Security": "max-age=31536000; includeSubDomains",
        "X-Content-Type-Options": "nosniff",
        "x-ms-client-request-id": "cbe5b5d452b0bb5f1a77781fe487f7b6",
        "x-ms-correlation-request-id": "e16c8380-13e2-41aa-a911-871f273d95a9",
        "x-ms-ratelimit-remaining-subscription-writes": "1080",
        "x-ms-request-id": "97b63e83-b4c5-4449-ae8d-043908fed981",
        "x-ms-routing-request-id": "KOREASOUTH:20220224T040444Z:e16c8380-13e2-41aa-a911-871f273d95a9"
      },
      "ResponseBody": {
        "type": "Microsoft.AppConfiguration/configurationStores",
        "location": "eastus",
        "properties": {
          "provisioningState": "Creating",
          "creationDate": "2022-02-24T04:04:43.7655477\u002B00:00",
          "endpoint": null,
          "encryption": null,
          "privateEndpointConnections": null,
          "disableLocalAuth": null,
          "softDeleteRetentionInDays": null,
          "enablePurgeProtection": null
        },
        "sku": {
          "name": "Standard"
        },
        "systemData": null,
        "id": "/subscriptions/ab716eee-96d3-4021-9fa7-1b01da5de034/resourceGroups/Default-AppConfiguration-3709/providers/Microsoft.AppConfiguration/configurationStores/testapp-3882",
        "name": "testapp-3882",
        "tags": {}
      }
    },
    {
      "RequestUri": "https://management.azure.com/subscriptions/ab716eee-96d3-4021-9fa7-1b01da5de034/providers/Microsoft.AppConfiguration/locations/eastus/operationsStatus/4f681a73-dc98-63ad-2b88-1793e590ea18?api-version=2021-10-01-preview",
      "RequestMethod": "GET",
      "RequestHeaders": {
        "Authorization": "Sanitized",
        "User-Agent": "azsdk-net-ResourceManager/1.0.0-alpha.20220224.1 (.NET 6.0.2; Microsoft Windows 10.0.22000) azsdk-net-ResourceManager/1.0.0-alpha.20220224.1 (.NET 6.0.2; Microsoft Windows 10.0.22000)",
        "x-ms-client-request-id": "477b2fd73055d11fd0c907b15835d5d8",
        "x-ms-return-client-request-id": "true"
      },
      "RequestBody": null,
      "StatusCode": 200,
      "ResponseHeaders": {
        "Azure-AsyncOperation": "https://management.azure.com/subscriptions/ab716eee-96d3-4021-9fa7-1b01da5de034/providers/Microsoft.AppConfiguration/locations/eastus/operationsStatus/4f681a73-dc98-63ad-2b88-1793e590ea18?api-version=2021-10-01-preview",
        "Cache-Control": "no-cache",
        "Content-Length": "248",
        "Content-Type": "application/json; charset=utf-8",
        "Date": "Thu, 24 Feb 2022 04:04:44 GMT",
        "Expires": "-1",
        "Pragma": "no-cache",
        "Server": "nginx/1.17.10",
        "Strict-Transport-Security": "max-age=31536000; includeSubDomains",
        "Vary": "Accept-Encoding",
        "X-Content-Type-Options": "nosniff",
        "x-ms-client-request-id": "477b2fd73055d11fd0c907b15835d5d8",
        "x-ms-correlation-request-id": "0000ea30-e843-410a-b322-64502e22b9ee",
        "x-ms-ratelimit-remaining-subscription-reads": "11657",
        "x-ms-request-id": "a9b34b7b-65f5-4fdd-89e5-00e62ac99341",
        "x-ms-routing-request-id": "KOREASOUTH:20220224T040445Z:0000ea30-e843-410a-b322-64502e22b9ee"
      },
      "ResponseBody": {
        "id": "/subscriptions/ab716eee-96d3-4021-9fa7-1b01da5de034/providers/Microsoft.AppConfiguration/locations/eastus/operationsStatus/4f681a73-dc98-63ad-2b88-1793e590ea18",
        "name": "4f681a73-dc98-63ad-2b88-1793e590ea18",
        "status": "Succeeded",
        "error": null
      }
    },
    {
      "RequestUri": "https://management.azure.com/subscriptions/ab716eee-96d3-4021-9fa7-1b01da5de034/resourceGroups/Default-AppConfiguration-3709/providers/Microsoft.AppConfiguration/configurationStores/testapp-3882?api-version=2021-10-01-preview",
      "RequestMethod": "GET",
      "RequestHeaders": {
        "Authorization": "Sanitized",
        "User-Agent": "azsdk-net-ResourceManager/1.0.0-alpha.20220224.1 (.NET 6.0.2; Microsoft Windows 10.0.22000) azsdk-net-ResourceManager/1.0.0-alpha.20220224.1 (.NET 6.0.2; Microsoft Windows 10.0.22000)",
        "x-ms-client-request-id": "2b6cf6d88b416f8663c274d93c134fa8",
        "x-ms-return-client-request-id": "true"
      },
      "RequestBody": null,
      "StatusCode": 200,
      "ResponseHeaders": {
        "Cache-Control": "no-cache",
        "Content-Length": "910",
        "Content-Type": "application/json; charset=utf-8",
        "Date": "Thu, 24 Feb 2022 04:04:45 GMT",
        "ETag": "W/\u0022a500aac3-0000-0100-0000-621703dc0000\u0022",
        "Expires": "-1",
        "Pragma": "no-cache",
        "Server": "nginx/1.17.10",
        "Strict-Transport-Security": "max-age=31536000; includeSubDomains",
        "Vary": "Accept-Encoding",
        "X-Content-Type-Options": "nosniff",
        "x-ms-client-request-id": "2b6cf6d88b416f8663c274d93c134fa8",
        "x-ms-correlation-request-id": "70773b4a-53f8-4711-93d7-9a959effec9d",
        "x-ms-ratelimit-remaining-subscription-reads": "11656",
        "x-ms-request-id": "f56ed4a8-d0ef-469f-a737-01886bd5c2e1",
        "x-ms-routing-request-id": "KOREASOUTH:20220224T040445Z:70773b4a-53f8-4711-93d7-9a959effec9d"
      },
      "ResponseBody": {
        "type": "Microsoft.AppConfiguration/configurationStores",
        "location": "eastus",
        "properties": {
          "provisioningState": "Succeeded",
          "creationDate": "2022-02-24T04:04:44\u002B00:00",
          "endpoint": "https://testapp-3882.azconfig.io",
          "encryption": {
            "keyVaultProperties": null
          },
          "privateEndpointConnections": null,
          "publicNetworkAccess": "Disabled",
          "disableLocalAuth": false,
          "softDeleteRetentionInDays": 7,
          "enablePurgeProtection": false
        },
        "sku": {
          "name": "standard"
        },
        "systemData": {
          "createdBy": "bd84958d-be52-466e-a83e-99a66eae9864",
          "createdByType": "Application",
          "createdAt": "2022-02-24T04:04:44\u002B00:00",
          "lastModifiedBy": "bd84958d-be52-466e-a83e-99a66eae9864",
          "lastModifiedByType": "Application",
          "lastModifiedAt": "2022-02-24T04:04:44\u002B00:00"
        },
        "id": "/subscriptions/ab716eee-96d3-4021-9fa7-1b01da5de034/resourceGroups/default-appconfiguration-3709/providers/Microsoft.AppConfiguration/configurationStores/testapp-3882",
        "name": "testapp-3882",
        "tags": {}
      }
    },
    {
      "RequestUri": "https://management.azure.com/subscriptions/ab716eee-96d3-4021-9fa7-1b01da5de034/resourceGroups/Default-AppConfiguration-3709/providers/Microsoft.Network/virtualNetworks/vnetname5017?api-version=2021-02-01",
      "RequestMethod": "PUT",
      "RequestHeaders": {
        "Accept": "application/json",
        "Authorization": "Sanitized",
        "Content-Length": "267",
        "Content-Type": "application/json",
        "traceparent": "00-4dc21c431309840675bda06049fa6cb9-0d8c3fb11778c46c-00",
        "User-Agent": "azsdk-net-ResourceManager.Network/1.0.0-alpha.20220222.1 (.NET 6.0.2; Microsoft Windows 10.0.22000) azsdk-net-ResourceManager/1.0.0-alpha.20220224.1 (.NET 6.0.2; Microsoft Windows 10.0.22000)",
        "x-ms-client-request-id": "b4475f2eaf0bc061cf7b83e15da0ca22",
        "x-ms-return-client-request-id": "true"
      },
      "RequestBody": {
        "location": "eastus",
        "properties": {
          "addressSpace": {
            "addressPrefixes": [
              "10.0.0.0/16"
            ]
          },
          "dhcpOptions": {
            "dnsServers": [
              "10.1.1.1",
              "10.1.2.4"
            ]
          },
          "subnets": [
            {
              "name": "subnetname3274",
              "properties": {
                "addressPrefix": "10.0.0.0/24",
                "privateEndpointNetworkPolicies": "Disabled"
              }
            }
          ]
        }
      },
      "StatusCode": 201,
      "ResponseHeaders": {
        "Azure-AsyncNotification": "Enabled",
        "Azure-AsyncOperation": "https://management.azure.com/subscriptions/ab716eee-96d3-4021-9fa7-1b01da5de034/providers/Microsoft.Network/locations/eastus/operations/9002804c-4ab5-47e5-bbc8-02ff725347fa?api-version=2021-02-01",
        "Cache-Control": "no-cache",
        "Content-Length": "1381",
        "Content-Type": "application/json; charset=utf-8",
        "Date": "Thu, 24 Feb 2022 04:04:47 GMT",
        "Expires": "-1",
        "Pragma": "no-cache",
        "Retry-After": "3",
        "Server": [
          "Microsoft-HTTPAPI/2.0",
          "Microsoft-HTTPAPI/2.0"
        ],
        "Strict-Transport-Security": "max-age=31536000; includeSubDomains",
        "X-Content-Type-Options": "nosniff",
        "x-ms-arm-service-request-id": "9256b0ea-7535-4155-9229-bb0979e98813",
        "x-ms-client-request-id": "b4475f2eaf0bc061cf7b83e15da0ca22",
        "x-ms-correlation-request-id": "149b2629-3aa7-44f3-801a-11d0978a497e",
        "x-ms-ratelimit-remaining-subscription-writes": "1079",
        "x-ms-request-id": "9002804c-4ab5-47e5-bbc8-02ff725347fa",
        "x-ms-routing-request-id": "KOREASOUTH:20220224T040448Z:149b2629-3aa7-44f3-801a-11d0978a497e"
      },
      "ResponseBody": {
        "name": "vnetname5017",
        "id": "/subscriptions/ab716eee-96d3-4021-9fa7-1b01da5de034/resourceGroups/Default-AppConfiguration-3709/providers/Microsoft.Network/virtualNetworks/vnetname5017",
        "etag": "W/\u0022bcce92cf-457d-400c-9af7-0785062d9bc0\u0022",
        "type": "Microsoft.Network/virtualNetworks",
        "location": "eastus",
        "properties": {
          "provisioningState": "Updating",
          "resourceGuid": "26d22d36-834d-4774-81cd-a2e0353d876f",
          "addressSpace": {
            "addressPrefixes": [
              "10.0.0.0/16"
            ]
          },
          "dhcpOptions": {
            "dnsServers": [
              "10.1.1.1",
              "10.1.2.4"
            ]
          },
          "subnets": [
            {
              "name": "subnetname3274",
              "id": "/subscriptions/ab716eee-96d3-4021-9fa7-1b01da5de034/resourceGroups/Default-AppConfiguration-3709/providers/Microsoft.Network/virtualNetworks/vnetname5017/subnets/subnetname3274",
              "etag": "W/\u0022bcce92cf-457d-400c-9af7-0785062d9bc0\u0022",
              "properties": {
                "provisioningState": "Updating",
                "addressPrefix": "10.0.0.0/24",
                "delegations": [],
                "privateEndpointNetworkPolicies": "Disabled",
                "privateLinkServiceNetworkPolicies": "Enabled"
              },
              "type": "Microsoft.Network/virtualNetworks/subnets"
            }
          ],
          "virtualNetworkPeerings": [],
          "enableDdosProtection": false
        }
      }
    },
    {
      "RequestUri": "https://management.azure.com/subscriptions/ab716eee-96d3-4021-9fa7-1b01da5de034/providers/Microsoft.Network/locations/eastus/operations/9002804c-4ab5-47e5-bbc8-02ff725347fa?api-version=2021-02-01",
      "RequestMethod": "GET",
      "RequestHeaders": {
        "Authorization": "Sanitized",
        "User-Agent": "azsdk-net-ResourceManager/1.0.0-alpha.20220224.1 (.NET 6.0.2; Microsoft Windows 10.0.22000) azsdk-net-ResourceManager/1.0.0-alpha.20220224.1 (.NET 6.0.2; Microsoft Windows 10.0.22000)",
        "x-ms-client-request-id": "f8825e7920ee29cc95ab5bc507a512c3",
        "x-ms-return-client-request-id": "true"
      },
      "RequestBody": null,
      "StatusCode": 200,
      "ResponseHeaders": {
        "Cache-Control": "no-cache",
        "Content-Length": "30",
        "Content-Type": "application/json; charset=utf-8",
        "Date": "Thu, 24 Feb 2022 04:04:48 GMT",
        "Expires": "-1",
        "Pragma": "no-cache",
        "Retry-After": "10",
        "Server": [
          "Microsoft-HTTPAPI/2.0",
          "Microsoft-HTTPAPI/2.0"
        ],
        "Strict-Transport-Security": "max-age=31536000; includeSubDomains",
        "X-Content-Type-Options": "nosniff",
        "x-ms-arm-service-request-id": "f6cb4655-0816-4bb2-a5b1-708833747d41",
        "x-ms-client-request-id": "f8825e7920ee29cc95ab5bc507a512c3",
        "x-ms-correlation-request-id": "4b3a6d49-39ae-4c27-8e25-84a14e20ba5e",
        "x-ms-ratelimit-remaining-subscription-reads": "11655",
        "x-ms-request-id": "5a1fd16b-5a76-4adb-ab2c-049cd554d18f",
        "x-ms-routing-request-id": "KOREASOUTH:20220224T040448Z:4b3a6d49-39ae-4c27-8e25-84a14e20ba5e"
      },
      "ResponseBody": {
        "status": "InProgress"
      }
    },
    {
      "RequestUri": "https://management.azure.com/subscriptions/ab716eee-96d3-4021-9fa7-1b01da5de034/providers/Microsoft.Network/locations/eastus/operations/9002804c-4ab5-47e5-bbc8-02ff725347fa?api-version=2021-02-01",
      "RequestMethod": "GET",
      "RequestHeaders": {
        "Authorization": "Sanitized",
        "User-Agent": "azsdk-net-ResourceManager/1.0.0-alpha.20220224.1 (.NET 6.0.2; Microsoft Windows 10.0.22000) azsdk-net-ResourceManager/1.0.0-alpha.20220224.1 (.NET 6.0.2; Microsoft Windows 10.0.22000)",
        "x-ms-client-request-id": "fed752f7dba011a387fa0bfeccce0489",
        "x-ms-return-client-request-id": "true"
      },
      "RequestBody": null,
      "StatusCode": 200,
      "ResponseHeaders": {
        "Cache-Control": "no-cache",
        "Content-Length": "29",
        "Content-Type": "application/json; charset=utf-8",
        "Date": "Thu, 24 Feb 2022 04:04:58 GMT",
        "Expires": "-1",
        "Pragma": "no-cache",
        "Server": [
          "Microsoft-HTTPAPI/2.0",
          "Microsoft-HTTPAPI/2.0"
        ],
        "Strict-Transport-Security": "max-age=31536000; includeSubDomains",
        "X-Content-Type-Options": "nosniff",
        "x-ms-arm-service-request-id": "ea3be951-e48f-4ad0-9d85-e669d010b6a6",
        "x-ms-client-request-id": "fed752f7dba011a387fa0bfeccce0489",
        "x-ms-correlation-request-id": "8d2c3fbd-7f6e-4138-a3c4-80d9a728a9de",
        "x-ms-ratelimit-remaining-subscription-reads": "11654",
        "x-ms-request-id": "30c5c006-2189-4795-95dc-48b9813a7972",
        "x-ms-routing-request-id": "KOREASOUTH:20220224T040458Z:8d2c3fbd-7f6e-4138-a3c4-80d9a728a9de"
      },
      "ResponseBody": {
        "status": "Succeeded"
      }
    },
    {
      "RequestUri": "https://management.azure.com/subscriptions/ab716eee-96d3-4021-9fa7-1b01da5de034/resourceGroups/Default-AppConfiguration-3709/providers/Microsoft.Network/virtualNetworks/vnetname5017?api-version=2021-02-01",
      "RequestMethod": "GET",
      "RequestHeaders": {
        "Authorization": "Sanitized",
        "User-Agent": "azsdk-net-ResourceManager/1.0.0-alpha.20220224.1 (.NET 6.0.2; Microsoft Windows 10.0.22000) azsdk-net-ResourceManager/1.0.0-alpha.20220224.1 (.NET 6.0.2; Microsoft Windows 10.0.22000)",
        "x-ms-client-request-id": "fe67c6e6d21de133714adf59c2124503",
        "x-ms-return-client-request-id": "true"
      },
      "RequestBody": null,
      "StatusCode": 200,
      "ResponseHeaders": {
        "Cache-Control": "no-cache",
        "Content-Length": "1383",
        "Content-Type": "application/json; charset=utf-8",
        "Date": "Thu, 24 Feb 2022 04:04:58 GMT",
        "ETag": "W/\u002240e5d71d-71c6-4285-8e65-933bdc03c5b1\u0022",
        "Expires": "-1",
        "Pragma": "no-cache",
        "Server": [
          "Microsoft-HTTPAPI/2.0",
          "Microsoft-HTTPAPI/2.0"
        ],
        "Strict-Transport-Security": "max-age=31536000; includeSubDomains",
        "X-Content-Type-Options": "nosniff",
        "x-ms-arm-service-request-id": "32331fcf-d225-4dbc-a5d6-1afcb1f515ef",
        "x-ms-client-request-id": "fe67c6e6d21de133714adf59c2124503",
        "x-ms-correlation-request-id": "68244394-4ca6-44b8-a20e-ba3fd0d88ad2",
        "x-ms-ratelimit-remaining-subscription-reads": "11653",
        "x-ms-request-id": "482b2c6a-d8e8-4868-af1d-4a42baf2465c",
        "x-ms-routing-request-id": "KOREASOUTH:20220224T040459Z:68244394-4ca6-44b8-a20e-ba3fd0d88ad2"
      },
      "ResponseBody": {
        "name": "vnetname5017",
        "id": "/subscriptions/ab716eee-96d3-4021-9fa7-1b01da5de034/resourceGroups/Default-AppConfiguration-3709/providers/Microsoft.Network/virtualNetworks/vnetname5017",
        "etag": "W/\u002240e5d71d-71c6-4285-8e65-933bdc03c5b1\u0022",
        "type": "Microsoft.Network/virtualNetworks",
        "location": "eastus",
        "properties": {
          "provisioningState": "Succeeded",
          "resourceGuid": "26d22d36-834d-4774-81cd-a2e0353d876f",
          "addressSpace": {
            "addressPrefixes": [
              "10.0.0.0/16"
            ]
          },
          "dhcpOptions": {
            "dnsServers": [
              "10.1.1.1",
              "10.1.2.4"
            ]
          },
          "subnets": [
            {
              "name": "subnetname3274",
              "id": "/subscriptions/ab716eee-96d3-4021-9fa7-1b01da5de034/resourceGroups/Default-AppConfiguration-3709/providers/Microsoft.Network/virtualNetworks/vnetname5017/subnets/subnetname3274",
              "etag": "W/\u002240e5d71d-71c6-4285-8e65-933bdc03c5b1\u0022",
              "properties": {
                "provisioningState": "Succeeded",
                "addressPrefix": "10.0.0.0/24",
                "delegations": [],
                "privateEndpointNetworkPolicies": "Disabled",
                "privateLinkServiceNetworkPolicies": "Enabled"
              },
              "type": "Microsoft.Network/virtualNetworks/subnets"
            }
          ],
          "virtualNetworkPeerings": [],
          "enableDdosProtection": false
        }
      }
    },
    {
      "RequestUri": "https://management.azure.com/subscriptions/ab716eee-96d3-4021-9fa7-1b01da5de034/resourceGroups/Default-AppConfiguration-3709/providers/Microsoft.Network/privateEndpoints/endpointxyz7684?api-version=2021-02-01",
      "RequestMethod": "PUT",
      "RequestHeaders": {
        "Accept": "application/json",
        "Authorization": "Sanitized",
        "Content-Length": "595",
        "Content-Type": "application/json",
        "traceparent": "00-02f18a2a82d4e39b9c50bffaa9fbd3fc-bcafbb11519e50bb-00",
        "User-Agent": "azsdk-net-ResourceManager.Network/1.0.0-alpha.20220222.1 (.NET 6.0.2; Microsoft Windows 10.0.22000) azsdk-net-ResourceManager/1.0.0-alpha.20220224.1 (.NET 6.0.2; Microsoft Windows 10.0.22000)",
        "x-ms-client-request-id": "699b1ffa966f9e1cba7170f314cd5cc7",
        "x-ms-return-client-request-id": "true"
      },
      "RequestBody": {
        "location": "eastus",
        "properties": {
          "subnet": {
            "id": "/subscriptions/ab716eee-96d3-4021-9fa7-1b01da5de034/resourceGroups/Default-AppConfiguration-3709/providers/Microsoft.Network/virtualNetworks/vnetname5017/subnets/subnetname3274",
            "properties": {}
          },
          "privateLinkServiceConnections": [
            {
              "name": "myconnection",
              "properties": {
                "privateLinkServiceId": "/subscriptions/ab716eee-96d3-4021-9fa7-1b01da5de034/resourceGroups/default-appconfiguration-3709/providers/Microsoft.AppConfiguration/configurationStores/testapp-3882",
                "groupIds": [
                  "configurationStores"
                ],
                "requestMessage": "Please approve my connection"
              }
            }
          ]
        }
      },
      "StatusCode": 201,
      "ResponseHeaders": {
        "Azure-AsyncNotification": "Enabled",
        "Azure-AsyncOperation": "https://management.azure.com/subscriptions/ab716eee-96d3-4021-9fa7-1b01da5de034/providers/Microsoft.Network/locations/eastus/operations/da278b8c-c217-4fe4-9487-be8ee6becf6b?api-version=2021-02-01",
        "Cache-Control": "no-cache",
        "Content-Length": "2106",
        "Content-Type": "application/json; charset=utf-8",
        "Date": "Thu, 24 Feb 2022 04:05:01 GMT",
        "Expires": "-1",
        "Pragma": "no-cache",
        "Retry-After": "10",
        "Server": [
          "Microsoft-HTTPAPI/2.0",
          "Microsoft-HTTPAPI/2.0"
        ],
        "Strict-Transport-Security": "max-age=31536000; includeSubDomains",
        "X-Content-Type-Options": "nosniff",
        "x-ms-arm-service-request-id": "9bfe4844-81d9-44ae-99b6-1aa49d178673",
        "x-ms-client-request-id": "699b1ffa966f9e1cba7170f314cd5cc7",
        "x-ms-correlation-request-id": "62920823-d342-4afd-bb54-9b01534e4f46",
        "x-ms-ratelimit-remaining-subscription-writes": "1078",
        "x-ms-request-id": "da278b8c-c217-4fe4-9487-be8ee6becf6b",
        "x-ms-routing-request-id": "KOREASOUTH:20220224T040502Z:62920823-d342-4afd-bb54-9b01534e4f46"
      },
      "ResponseBody": {
        "name": "endpointxyz7684",
        "id": "/subscriptions/ab716eee-96d3-4021-9fa7-1b01da5de034/resourceGroups/Default-AppConfiguration-3709/providers/Microsoft.Network/privateEndpoints/endpointxyz7684",
        "etag": "W/\u002269ba9d39-47e0-409e-bcb7-b8ddbc23394e\u0022",
        "type": "Microsoft.Network/privateEndpoints",
        "location": "eastus",
        "properties": {
          "provisioningState": "Updating",
          "resourceGuid": "dce968c7-fe2d-4124-b988-14f196f32a87",
          "privateLinkServiceConnections": [
            {
              "name": "myconnection",
              "id": "/subscriptions/ab716eee-96d3-4021-9fa7-1b01da5de034/resourceGroups/Default-AppConfiguration-3709/providers/Microsoft.Network/privateEndpoints/endpointxyz7684/privateLinkServiceConnections/myconnection",
              "etag": "W/\u002269ba9d39-47e0-409e-bcb7-b8ddbc23394e\u0022",
              "properties": {
                "provisioningState": "Succeeded",
                "privateLinkServiceId": "/subscriptions/ab716eee-96d3-4021-9fa7-1b01da5de034/resourceGroups/default-appconfiguration-3709/providers/Microsoft.AppConfiguration/configurationStores/testapp-3882",
                "groupIds": [
                  "configurationStores"
                ],
                "requestMessage": "Please approve my connection",
                "privateLinkServiceConnectionState": {
                  "status": "Approved",
                  "description": "Please approve my connection",
                  "actionsRequired": "None"
                }
              },
              "type": "Microsoft.Network/privateEndpoints/privateLinkServiceConnections"
            }
          ],
          "manualPrivateLinkServiceConnections": [],
          "subnet": {
            "id": "/subscriptions/ab716eee-96d3-4021-9fa7-1b01da5de034/resourceGroups/Default-AppConfiguration-3709/providers/Microsoft.Network/virtualNetworks/vnetname5017/subnets/subnetname3274"
          },
          "networkInterfaces": [
            {
              "id": "/subscriptions/ab716eee-96d3-4021-9fa7-1b01da5de034/resourceGroups/Default-AppConfiguration-3709/providers/Microsoft.Network/networkInterfaces/endpointxyz7684.nic.bebb50fa-94e7-4eb7-b11e-936741050684"
            }
          ],
          "customDnsConfigs": []
        }
      }
    },
    {
      "RequestUri": "https://management.azure.com/subscriptions/ab716eee-96d3-4021-9fa7-1b01da5de034/providers/Microsoft.Network/locations/eastus/operations/da278b8c-c217-4fe4-9487-be8ee6becf6b?api-version=2021-02-01",
      "RequestMethod": "GET",
      "RequestHeaders": {
        "Authorization": "Sanitized",
        "User-Agent": "azsdk-net-ResourceManager/1.0.0-alpha.20220224.1 (.NET 6.0.2; Microsoft Windows 10.0.22000) azsdk-net-ResourceManager/1.0.0-alpha.20220224.1 (.NET 6.0.2; Microsoft Windows 10.0.22000)",
        "x-ms-client-request-id": "ac0408b59b324f1aaac844ac6140cca3",
        "x-ms-return-client-request-id": "true"
      },
      "RequestBody": null,
      "StatusCode": 200,
      "ResponseHeaders": {
        "Cache-Control": "no-cache",
        "Content-Length": "30",
        "Content-Type": "application/json; charset=utf-8",
        "Date": "Thu, 24 Feb 2022 04:05:01 GMT",
        "Expires": "-1",
        "Pragma": "no-cache",
        "Retry-After": "10",
        "Server": [
          "Microsoft-HTTPAPI/2.0",
          "Microsoft-HTTPAPI/2.0"
        ],
        "Strict-Transport-Security": "max-age=31536000; includeSubDomains",
        "X-Content-Type-Options": "nosniff",
        "x-ms-arm-service-request-id": "76361c21-5231-44a3-8444-00d6709a2a1e",
        "x-ms-client-request-id": "ac0408b59b324f1aaac844ac6140cca3",
        "x-ms-correlation-request-id": "5ef08c38-789f-45e9-b6cc-cb4db6be61ac",
        "x-ms-ratelimit-remaining-subscription-reads": "11652",
        "x-ms-request-id": "3ddceee0-06f3-4ceb-8a93-22239a3bcbcd",
        "x-ms-routing-request-id": "KOREASOUTH:20220224T040502Z:5ef08c38-789f-45e9-b6cc-cb4db6be61ac"
      },
      "ResponseBody": {
        "status": "InProgress"
      }
    },
    {
      "RequestUri": "https://management.azure.com/subscriptions/ab716eee-96d3-4021-9fa7-1b01da5de034/providers/Microsoft.Network/locations/eastus/operations/da278b8c-c217-4fe4-9487-be8ee6becf6b?api-version=2021-02-01",
      "RequestMethod": "GET",
      "RequestHeaders": {
        "Authorization": "Sanitized",
        "User-Agent": "azsdk-net-ResourceManager/1.0.0-alpha.20220224.1 (.NET 6.0.2; Microsoft Windows 10.0.22000) azsdk-net-ResourceManager/1.0.0-alpha.20220224.1 (.NET 6.0.2; Microsoft Windows 10.0.22000)",
        "x-ms-client-request-id": "f0b217ed0433e7c67a754b7809c6a26f",
        "x-ms-return-client-request-id": "true"
      },
      "RequestBody": null,
      "StatusCode": 200,
      "ResponseHeaders": {
        "Cache-Control": "no-cache",
        "Content-Length": "30",
        "Content-Type": "application/json; charset=utf-8",
        "Date": "Thu, 24 Feb 2022 04:05:11 GMT",
        "Expires": "-1",
        "Pragma": "no-cache",
        "Retry-After": "20",
        "Server": [
          "Microsoft-HTTPAPI/2.0",
          "Microsoft-HTTPAPI/2.0"
        ],
        "Strict-Transport-Security": "max-age=31536000; includeSubDomains",
        "X-Content-Type-Options": "nosniff",
        "x-ms-arm-service-request-id": "ab20de6f-83f8-48c9-8a92-4c5f99207293",
        "x-ms-client-request-id": "f0b217ed0433e7c67a754b7809c6a26f",
        "x-ms-correlation-request-id": "202918b1-9f42-4d59-8481-1e5914cf7818",
        "x-ms-ratelimit-remaining-subscription-reads": "11651",
        "x-ms-request-id": "ee6813e9-961a-4a0f-a666-b92cc86449de",
        "x-ms-routing-request-id": "KOREASOUTH:20220224T040512Z:202918b1-9f42-4d59-8481-1e5914cf7818"
      },
      "ResponseBody": {
        "status": "InProgress"
      }
    },
    {
      "RequestUri": "https://management.azure.com/subscriptions/ab716eee-96d3-4021-9fa7-1b01da5de034/providers/Microsoft.Network/locations/eastus/operations/da278b8c-c217-4fe4-9487-be8ee6becf6b?api-version=2021-02-01",
      "RequestMethod": "GET",
      "RequestHeaders": {
        "Authorization": "Sanitized",
        "User-Agent": "azsdk-net-ResourceManager/1.0.0-alpha.20220224.1 (.NET 6.0.2; Microsoft Windows 10.0.22000) azsdk-net-ResourceManager/1.0.0-alpha.20220224.1 (.NET 6.0.2; Microsoft Windows 10.0.22000)",
        "x-ms-client-request-id": "0c3efb22b0c90b94b78f9674cff8c3de",
        "x-ms-return-client-request-id": "true"
      },
      "RequestBody": null,
      "StatusCode": 200,
      "ResponseHeaders": {
        "Cache-Control": "no-cache",
        "Content-Length": "29",
        "Content-Type": "application/json; charset=utf-8",
        "Date": "Thu, 24 Feb 2022 04:05:32 GMT",
        "Expires": "-1",
        "Pragma": "no-cache",
        "Server": [
          "Microsoft-HTTPAPI/2.0",
          "Microsoft-HTTPAPI/2.0"
        ],
        "Strict-Transport-Security": "max-age=31536000; includeSubDomains",
        "X-Content-Type-Options": "nosniff",
        "x-ms-arm-service-request-id": "8ec4d74c-2ecb-4a2a-802d-8f9a80032f85",
        "x-ms-client-request-id": "0c3efb22b0c90b94b78f9674cff8c3de",
        "x-ms-correlation-request-id": "47c20fa4-a619-4fbe-bae0-38b5140c6c4e",
        "x-ms-ratelimit-remaining-subscription-reads": "11650",
        "x-ms-request-id": "c073ded6-71c6-4b76-a66d-32fdbb1dca47",
        "x-ms-routing-request-id": "KOREASOUTH:20220224T040532Z:47c20fa4-a619-4fbe-bae0-38b5140c6c4e"
      },
      "ResponseBody": {
        "status": "Succeeded"
      }
    },
    {
      "RequestUri": "https://management.azure.com/subscriptions/ab716eee-96d3-4021-9fa7-1b01da5de034/resourceGroups/Default-AppConfiguration-3709/providers/Microsoft.Network/privateEndpoints/endpointxyz7684?api-version=2021-02-01",
      "RequestMethod": "GET",
      "RequestHeaders": {
        "Authorization": "Sanitized",
        "User-Agent": "azsdk-net-ResourceManager/1.0.0-alpha.20220224.1 (.NET 6.0.2; Microsoft Windows 10.0.22000) azsdk-net-ResourceManager/1.0.0-alpha.20220224.1 (.NET 6.0.2; Microsoft Windows 10.0.22000)",
        "x-ms-client-request-id": "e469e92a5e98b041411d31bd50a145e4",
        "x-ms-return-client-request-id": "true"
      },
      "RequestBody": null,
      "StatusCode": 200,
      "ResponseHeaders": {
        "Cache-Control": "no-cache",
        "Content-Length": "2220",
        "Content-Type": "application/json; charset=utf-8",
        "Date": "Thu, 24 Feb 2022 04:05:32 GMT",
        "ETag": "W/\u0022e7bd0e3d-d7b2-4509-9bb4-168dc7099149\u0022",
        "Expires": "-1",
        "Pragma": "no-cache",
        "Server": [
          "Microsoft-HTTPAPI/2.0",
          "Microsoft-HTTPAPI/2.0"
        ],
        "Strict-Transport-Security": "max-age=31536000; includeSubDomains",
        "X-Content-Type-Options": "nosniff",
        "x-ms-arm-service-request-id": "181c44c1-e71a-4f61-b952-b3bdf3e13d3e",
        "x-ms-client-request-id": "e469e92a5e98b041411d31bd50a145e4",
        "x-ms-correlation-request-id": "b06c8076-c41d-4bf7-ae5f-1cee862874ca",
        "x-ms-ratelimit-remaining-subscription-reads": "11649",
        "x-ms-request-id": "9c9b8e2e-5930-4ffd-8fb3-c10b24ed4d0f",
        "x-ms-routing-request-id": "KOREASOUTH:20220224T040533Z:b06c8076-c41d-4bf7-ae5f-1cee862874ca"
      },
      "ResponseBody": {
        "name": "endpointxyz7684",
        "id": "/subscriptions/ab716eee-96d3-4021-9fa7-1b01da5de034/resourceGroups/Default-AppConfiguration-3709/providers/Microsoft.Network/privateEndpoints/endpointxyz7684",
        "etag": "W/\u0022e7bd0e3d-d7b2-4509-9bb4-168dc7099149\u0022",
        "type": "Microsoft.Network/privateEndpoints",
        "location": "eastus",
        "properties": {
          "provisioningState": "Succeeded",
          "resourceGuid": "dce968c7-fe2d-4124-b988-14f196f32a87",
          "privateLinkServiceConnections": [
            {
              "name": "myconnection",
              "id": "/subscriptions/ab716eee-96d3-4021-9fa7-1b01da5de034/resourceGroups/Default-AppConfiguration-3709/providers/Microsoft.Network/privateEndpoints/endpointxyz7684/privateLinkServiceConnections/myconnection",
              "etag": "W/\u0022e7bd0e3d-d7b2-4509-9bb4-168dc7099149\u0022",
              "properties": {
                "provisioningState": "Succeeded",
                "privateLinkServiceId": "/subscriptions/ab716eee-96d3-4021-9fa7-1b01da5de034/resourceGroups/default-appconfiguration-3709/providers/Microsoft.AppConfiguration/configurationStores/testapp-3882",
                "groupIds": [
                  "configurationStores"
                ],
                "requestMessage": "Please approve my connection",
                "privateLinkServiceConnectionState": {
                  "status": "Approved",
                  "description": "Auto-Approved",
                  "actionsRequired": "None"
                }
              },
              "type": "Microsoft.Network/privateEndpoints/privateLinkServiceConnections"
            }
          ],
          "manualPrivateLinkServiceConnections": [],
          "subnet": {
            "id": "/subscriptions/ab716eee-96d3-4021-9fa7-1b01da5de034/resourceGroups/Default-AppConfiguration-3709/providers/Microsoft.Network/virtualNetworks/vnetname5017/subnets/subnetname3274"
          },
          "networkInterfaces": [
            {
              "id": "/subscriptions/ab716eee-96d3-4021-9fa7-1b01da5de034/resourceGroups/Default-AppConfiguration-3709/providers/Microsoft.Network/networkInterfaces/endpointxyz7684.nic.bebb50fa-94e7-4eb7-b11e-936741050684"
            }
          ],
          "customDnsConfigs": [
            {
              "fqdn": "testapp-3882.azconfig.io",
              "ipAddresses": [
                "10.0.0.4"
              ]
            }
          ]
        }
      }
    },
    {
      "RequestUri": "https://management.azure.com/subscriptions/ab716eee-96d3-4021-9fa7-1b01da5de034/resourceGroups/default-appconfiguration-3709/providers/Microsoft.AppConfiguration/configurationStores/testapp-3882/privateEndpointConnections?api-version=2021-10-01-preview",
      "RequestMethod": "GET",
      "RequestHeaders": {
        "Accept": "application/json",
        "Authorization": "Sanitized",
        "traceparent": "00-e13f1d87eabac69a9a8eb0c37fa507d1-99f0bb92a85b7e90-00",
        "User-Agent": "azsdk-net-ResourceManager.AppConfiguration/1.0.0-alpha.20220224.1 (.NET 6.0.2; Microsoft Windows 10.0.22000) azsdk-net-ResourceManager/1.0.0-alpha.20220224.1 (.NET 6.0.2; Microsoft Windows 10.0.22000)",
        "x-ms-client-request-id": "668ad426bf023cda83a638a36e511781",
        "x-ms-return-client-request-id": "true"
      },
      "RequestBody": null,
      "StatusCode": 200,
      "ResponseHeaders": {
        "Cache-Control": "no-cache",
        "Content-Length": "668",
        "Content-Type": "application/json; charset=utf-8",
        "Date": "Thu, 24 Feb 2022 04:05:33 GMT",
        "Expires": "-1",
        "Pragma": "no-cache",
        "Server": "nginx/1.17.10",
        "Strict-Transport-Security": "max-age=31536000; includeSubDomains",
        "Vary": "Accept-Encoding",
        "X-Content-Type-Options": "nosniff",
        "x-ms-client-request-id": "668ad426bf023cda83a638a36e511781",
        "x-ms-correlation-request-id": "02d17ceb-3aa2-45b8-b81e-7aa528311e4a",
        "x-ms-ratelimit-remaining-subscription-reads": "11648",
        "x-ms-request-id": "7640e34e-6bb6-4f59-885b-49059f950fba",
        "x-ms-routing-request-id": "KOREASOUTH:20220224T040533Z:02d17ceb-3aa2-45b8-b81e-7aa528311e4a"
      },
      "ResponseBody": {
        "value": [
          {
            "type": "Microsoft.AppConfiguration/configurationStores/privateEndpointConnections",
            "properties": {
              "provisioningState": "Succeeded",
              "privateEndpoint": {
                "id": "/subscriptions/ab716eee-96d3-4021-9fa7-1b01da5de034/resourceGroups/Default-AppConfiguration-3709/providers/Microsoft.Network/privateEndpoints/endpointxyz7684"
              },
              "privateLinkServiceConnectionState": {
                "status": "Approved",
                "description": "Auto-Approved"
              }
            },
            "id": "/subscriptions/ab716eee-96d3-4021-9fa7-1b01da5de034/resourceGroups/default-appconfiguration-3709/providers/Microsoft.AppConfiguration/configurationStores/testapp-3882/privateEndpointConnections/myconnection",
            "name": "myconnection"
          }
        ],
        "nextLink": null
      }
    },
    {
      "RequestUri": "https://management.azure.com/subscriptions/ab716eee-96d3-4021-9fa7-1b01da5de034/resourceGroups/default-appconfiguration-3709/providers/Microsoft.AppConfiguration/configurationStores/testapp-3882/privateEndpointConnections/myconnection?api-version=2021-10-01-preview",
      "RequestMethod": "PUT",
      "RequestHeaders": {
        "Accept": "application/json",
        "Authorization": "Sanitized",
        "Content-Length": "295",
        "Content-Type": "application/json",
        "traceparent": "00-466bc86f18f0884ab09d7c2f9516c35b-9df5dcf8e33ec3ee-00",
        "User-Agent": "azsdk-net-ResourceManager.AppConfiguration/1.0.0-alpha.20220224.1 (.NET 6.0.2; Microsoft Windows 10.0.22000) azsdk-net-ResourceManager/1.0.0-alpha.20220224.1 (.NET 6.0.2; Microsoft Windows 10.0.22000)",
        "x-ms-client-request-id": "1f4e6db1be5dc4d7b98dcbac7ed7bb16",
        "x-ms-return-client-request-id": "true"
      },
      "RequestBody": {
        "properties": {
          "privateEndpoint": {
            "id": "/subscriptions/ab716eee-96d3-4021-9fa7-1b01da5de034/resourceGroups/Default-AppConfiguration-3709/providers/Microsoft.Network/privateEndpoints/endpointxyz7684"
          },
          "privateLinkServiceConnectionState": {
            "status": "Approved",
            "description": "Update descriptions"
          }
        }
      },
      "StatusCode": 201,
      "ResponseHeaders": {
        "Azure-AsyncOperation": "https://management.azure.com/subscriptions/ab716eee-96d3-4021-9fa7-1b01da5de034/providers/Microsoft.AppConfiguration/locations/eastus/operationsStatus/df9ab479-48de-24ad-56e9-97fa9676c7b0?api-version=2021-10-01-preview",
        "Cache-Control": "no-cache",
        "Content-Length": "483",
        "Content-Type": "application/json; charset=utf-8",
        "Date": "Thu, 24 Feb 2022 04:05:33 GMT",
        "Expires": "-1",
        "Pragma": "no-cache",
        "Retry-After": "10",
        "Server": "nginx/1.17.10",
        "Strict-Transport-Security": "max-age=31536000; includeSubDomains",
        "X-Content-Type-Options": "nosniff",
        "x-ms-client-request-id": "1f4e6db1be5dc4d7b98dcbac7ed7bb16",
        "x-ms-correlation-request-id": "74443523-f017-4c42-9a14-5df105a49770",
        "x-ms-ratelimit-remaining-subscription-writes": "1077",
        "x-ms-request-id": "87b62a21-456b-433d-9715-1d69dfc49a1d",
        "x-ms-routing-request-id": "KOREASOUTH:20220224T040533Z:74443523-f017-4c42-9a14-5df105a49770"
      },
      "ResponseBody": {
        "type": "Microsoft.AppConfiguration/configurationStores/privateEndpointConnections",
        "properties": {
          "provisioningState": "Updating",
          "privateEndpoint": null,
          "privateLinkServiceConnectionState": {
            "status": "Approved",
            "description": "Update descriptions"
          }
        },
        "id": "/subscriptions/ab716eee-96d3-4021-9fa7-1b01da5de034/resourceGroups/default-appconfiguration-3709/providers/Microsoft.AppConfiguration/configurationStores/testapp-3882/privateEndpointConnections/myconnection",
        "name": "myconnection"
      }
    },
    {
      "RequestUri": "https://management.azure.com/subscriptions/ab716eee-96d3-4021-9fa7-1b01da5de034/providers/Microsoft.AppConfiguration/locations/eastus/operationsStatus/df9ab479-48de-24ad-56e9-97fa9676c7b0?api-version=2021-10-01-preview",
      "RequestMethod": "GET",
      "RequestHeaders": {
        "Authorization": "Sanitized",
        "User-Agent": "azsdk-net-ResourceManager/1.0.0-alpha.20220224.1 (.NET 6.0.2; Microsoft Windows 10.0.22000) azsdk-net-ResourceManager/1.0.0-alpha.20220224.1 (.NET 6.0.2; Microsoft Windows 10.0.22000)",
        "x-ms-client-request-id": "e20bb00526526786fcc6ad74f32dbeab",
        "x-ms-return-client-request-id": "true"
      },
      "RequestBody": null,
      "StatusCode": 200,
      "ResponseHeaders": {
        "Azure-AsyncOperation": "https://management.azure.com/subscriptions/ab716eee-96d3-4021-9fa7-1b01da5de034/providers/Microsoft.AppConfiguration/locations/eastus/operationsStatus/df9ab479-48de-24ad-56e9-97fa9676c7b0?api-version=2021-10-01-preview",
        "Cache-Control": "no-cache",
        "Content-Length": "247",
        "Content-Type": "application/json; charset=utf-8",
        "Date": "Thu, 24 Feb 2022 04:05:33 GMT",
        "Expires": "-1",
        "Pragma": "no-cache",
        "Retry-After": "10",
        "Server": "nginx/1.17.10",
        "Strict-Transport-Security": "max-age=31536000; includeSubDomains",
        "Vary": "Accept-Encoding",
        "X-Content-Type-Options": "nosniff",
        "x-ms-client-request-id": "e20bb00526526786fcc6ad74f32dbeab",
        "x-ms-correlation-request-id": "a10370c0-f22d-46c6-8990-f10305bffc80",
        "x-ms-ratelimit-remaining-subscription-reads": "11647",
        "x-ms-request-id": "91f383d2-efe3-4d62-a55e-246be4177f5c",
        "x-ms-routing-request-id": "KOREASOUTH:20220224T040534Z:a10370c0-f22d-46c6-8990-f10305bffc80"
      },
      "ResponseBody": {
        "id": "/subscriptions/ab716eee-96d3-4021-9fa7-1b01da5de034/providers/Microsoft.AppConfiguration/locations/eastus/operationsStatus/df9ab479-48de-24ad-56e9-97fa9676c7b0",
        "name": "df9ab479-48de-24ad-56e9-97fa9676c7b0",
        "status": "Updating",
        "error": null
      }
    },
    {
      "RequestUri": "https://management.azure.com/subscriptions/ab716eee-96d3-4021-9fa7-1b01da5de034/providers/Microsoft.AppConfiguration/locations/eastus/operationsStatus/df9ab479-48de-24ad-56e9-97fa9676c7b0?api-version=2021-10-01-preview",
      "RequestMethod": "GET",
      "RequestHeaders": {
        "Authorization": "Sanitized",
        "User-Agent": "azsdk-net-ResourceManager/1.0.0-alpha.20220224.1 (.NET 6.0.2; Microsoft Windows 10.0.22000) azsdk-net-ResourceManager/1.0.0-alpha.20220224.1 (.NET 6.0.2; Microsoft Windows 10.0.22000)",
        "x-ms-client-request-id": "bc5a21eb1c03541391e310315de59e1b",
        "x-ms-return-client-request-id": "true"
      },
      "RequestBody": null,
      "StatusCode": 200,
      "ResponseHeaders": {
        "Azure-AsyncOperation": "https://management.azure.com/subscriptions/ab716eee-96d3-4021-9fa7-1b01da5de034/providers/Microsoft.AppConfiguration/locations/eastus/operationsStatus/df9ab479-48de-24ad-56e9-97fa9676c7b0?api-version=2021-10-01-preview",
        "Cache-Control": "no-cache",
        "Content-Length": "247",
        "Content-Type": "application/json; charset=utf-8",
        "Date": "Thu, 24 Feb 2022 04:05:43 GMT",
        "Expires": "-1",
        "Pragma": "no-cache",
        "Retry-After": "10",
        "Server": "nginx/1.17.10",
        "Strict-Transport-Security": "max-age=31536000; includeSubDomains",
        "Vary": "Accept-Encoding",
        "X-Content-Type-Options": "nosniff",
        "x-ms-client-request-id": "bc5a21eb1c03541391e310315de59e1b",
        "x-ms-correlation-request-id": "5e30adb8-1860-4333-8c49-797a3fda885c",
        "x-ms-ratelimit-remaining-subscription-reads": "11646",
        "x-ms-request-id": "5678bc12-8911-461b-b9d1-203303285771",
        "x-ms-routing-request-id": "KOREASOUTH:20220224T040544Z:5e30adb8-1860-4333-8c49-797a3fda885c"
      },
      "ResponseBody": {
        "id": "/subscriptions/ab716eee-96d3-4021-9fa7-1b01da5de034/providers/Microsoft.AppConfiguration/locations/eastus/operationsStatus/df9ab479-48de-24ad-56e9-97fa9676c7b0",
        "name": "df9ab479-48de-24ad-56e9-97fa9676c7b0",
        "status": "Updating",
        "error": null
      }
    },
    {
      "RequestUri": "https://management.azure.com/subscriptions/ab716eee-96d3-4021-9fa7-1b01da5de034/providers/Microsoft.AppConfiguration/locations/eastus/operationsStatus/df9ab479-48de-24ad-56e9-97fa9676c7b0?api-version=2021-10-01-preview",
      "RequestMethod": "GET",
      "RequestHeaders": {
        "Authorization": "Sanitized",
        "User-Agent": "azsdk-net-ResourceManager/1.0.0-alpha.20220224.1 (.NET 6.0.2; Microsoft Windows 10.0.22000) azsdk-net-ResourceManager/1.0.0-alpha.20220224.1 (.NET 6.0.2; Microsoft Windows 10.0.22000)",
        "x-ms-client-request-id": "cea7db4ad8cb23c42be7fea8b06777e1",
        "x-ms-return-client-request-id": "true"
      },
      "RequestBody": null,
      "StatusCode": 200,
      "ResponseHeaders": {
        "Azure-AsyncOperation": "https://management.azure.com/subscriptions/ab716eee-96d3-4021-9fa7-1b01da5de034/providers/Microsoft.AppConfiguration/locations/eastus/operationsStatus/df9ab479-48de-24ad-56e9-97fa9676c7b0?api-version=2021-10-01-preview",
        "Cache-Control": "no-cache",
        "Content-Length": "248",
        "Content-Type": "application/json; charset=utf-8",
        "Date": "Thu, 24 Feb 2022 04:05:54 GMT",
        "Expires": "-1",
        "Pragma": "no-cache",
        "Server": "nginx/1.17.10",
        "Strict-Transport-Security": "max-age=31536000; includeSubDomains",
        "Vary": "Accept-Encoding",
        "X-Content-Type-Options": "nosniff",
        "x-ms-client-request-id": "cea7db4ad8cb23c42be7fea8b06777e1",
        "x-ms-correlation-request-id": "21318c3c-a704-4608-abb8-fa15db858652",
        "x-ms-ratelimit-remaining-subscription-reads": "11645",
        "x-ms-request-id": "dec0e2f8-c429-4784-9f93-9fa76cfad510",
        "x-ms-routing-request-id": "KOREASOUTH:20220224T040554Z:21318c3c-a704-4608-abb8-fa15db858652"
      },
      "ResponseBody": {
        "id": "/subscriptions/ab716eee-96d3-4021-9fa7-1b01da5de034/providers/Microsoft.AppConfiguration/locations/eastus/operationsStatus/df9ab479-48de-24ad-56e9-97fa9676c7b0",
        "name": "df9ab479-48de-24ad-56e9-97fa9676c7b0",
        "status": "Succeeded",
        "error": null
      }
    },
    {
      "RequestUri": "https://management.azure.com/subscriptions/ab716eee-96d3-4021-9fa7-1b01da5de034/resourceGroups/default-appconfiguration-3709/providers/Microsoft.AppConfiguration/configurationStores/testapp-3882/privateEndpointConnections/myconnection?api-version=2021-10-01-preview",
      "RequestMethod": "GET",
      "RequestHeaders": {
        "Authorization": "Sanitized",
        "User-Agent": "azsdk-net-ResourceManager/1.0.0-alpha.20220224.1 (.NET 6.0.2; Microsoft Windows 10.0.22000) azsdk-net-ResourceManager/1.0.0-alpha.20220224.1 (.NET 6.0.2; Microsoft Windows 10.0.22000)",
        "x-ms-client-request-id": "0406b56d8643e8ec9db7516f15550916",
        "x-ms-return-client-request-id": "true"
      },
      "RequestBody": null,
      "StatusCode": 200,
      "ResponseHeaders": {
        "Cache-Control": "no-cache",
        "Content-Length": "646",
        "Content-Type": "application/json; charset=utf-8",
        "Date": "Thu, 24 Feb 2022 04:05:55 GMT",
        "Expires": "-1",
        "Pragma": "no-cache",
        "Server": "nginx/1.17.10",
        "Strict-Transport-Security": "max-age=31536000; includeSubDomains",
        "Vary": "Accept-Encoding",
        "X-Content-Type-Options": "nosniff",
        "x-ms-client-request-id": "0406b56d8643e8ec9db7516f15550916",
        "x-ms-correlation-request-id": "e6884868-3a30-48b6-94f9-2f42c1c02bfc",
        "x-ms-ratelimit-remaining-subscription-reads": "11644",
        "x-ms-request-id": "0d1d5664-4002-414f-add6-667b03fe2c7b",
        "x-ms-routing-request-id": "KOREASOUTH:20220224T040555Z:e6884868-3a30-48b6-94f9-2f42c1c02bfc"
      },
      "ResponseBody": {
        "type": "Microsoft.AppConfiguration/configurationStores/privateEndpointConnections",
        "properties": {
          "provisioningState": "Succeeded",
          "privateEndpoint": {
            "id": "/subscriptions/ab716eee-96d3-4021-9fa7-1b01da5de034/resourceGroups/Default-AppConfiguration-3709/providers/Microsoft.Network/privateEndpoints/endpointxyz7684"
          },
          "privateLinkServiceConnectionState": {
            "status": "Approved",
            "description": "Update descriptions"
          }
        },
        "id": "/subscriptions/ab716eee-96d3-4021-9fa7-1b01da5de034/resourceGroups/default-appconfiguration-3709/providers/Microsoft.AppConfiguration/configurationStores/testapp-3882/privateEndpointConnections/myconnection",
        "name": "myconnection"
      }
    }
  ],
  "Variables": {
    "RandomSeed": "610207243",
    "RESOURCE_MANAGER_URL": null,
    "SUBSCRIPTION_ID": "ab716eee-96d3-4021-9fa7-1b01da5de034"
  }
}
