{
  "Entries": [
    {
      "RequestUri": "https://management.azure.com/subscriptions/ab716eee-96d3-4021-9fa7-1b01da5de034?api-version=2021-01-01",
      "RequestMethod": "GET",
      "RequestHeaders": {
        "Accept": "application/json",
        "Authorization": "Sanitized",
        "traceparent": "00-92925aafdc434f463934d9127c16f1af-68633042bb729a72-00",
        "User-Agent": "azsdk-net-ResourceManager/1.0.0-alpha.20220224.1 (.NET 6.0.2; Microsoft Windows 10.0.22000) azsdk-net-ResourceManager/1.0.0-alpha.20220224.1 (.NET 6.0.2; Microsoft Windows 10.0.22000)",
        "x-ms-client-request-id": "b4a7b364903b1fa4d78fb3a7e9fee344",
        "x-ms-return-client-request-id": "true"
      },
      "RequestBody": null,
      "StatusCode": 200,
      "ResponseHeaders": {
        "Cache-Control": "no-cache",
        "Content-Length": "406",
        "Content-Type": "application/json; charset=utf-8",
        "Date": "Thu, 24 Feb 2022 03:56:19 GMT",
        "Expires": "-1",
        "Pragma": "no-cache",
        "Strict-Transport-Security": "max-age=31536000; includeSubDomains",
        "X-Content-Type-Options": "nosniff",
        "x-ms-correlation-request-id": "e62d8d8f-a74f-4c03-bd51-ccfd9ea293a5",
        "x-ms-ratelimit-remaining-subscription-reads": "11821",
        "x-ms-request-id": "e62d8d8f-a74f-4c03-bd51-ccfd9ea293a5",
        "x-ms-routing-request-id": "KOREASOUTH:20220224T035620Z:e62d8d8f-a74f-4c03-bd51-ccfd9ea293a5"
      },
      "ResponseBody": {
        "id": "/subscriptions/ab716eee-96d3-4021-9fa7-1b01da5de034",
        "authorizationSource": "RoleBased",
        "managedByTenants": [],
        "subscriptionId": "ab716eee-96d3-4021-9fa7-1b01da5de034",
        "tenantId": "6d1de6b2-88b7-42b6-9b3e-89a4351d16b4",
        "displayName": "Visual Studio Professional \u8BA2\u9605",
        "state": "Enabled",
        "subscriptionPolicies": {
          "locationPlacementId": "Public_2014-09-01",
          "quotaId": "MSDN_2014-09-01",
          "spendingLimit": "On"
        }
      }
    },
    {
      "RequestUri": "https://management.azure.com/subscriptions/ab716eee-96d3-4021-9fa7-1b01da5de034/resourcegroups/Default-AppConfiguration-2851?api-version=2021-04-01",
      "RequestMethod": "PUT",
      "RequestHeaders": {
        "Accept": "application/json",
        "Authorization": "Sanitized",
        "Content-Length": "31",
        "Content-Type": "application/json",
        "traceparent": "00-f340ce133fbdaf74dd5db013a9b1fceb-c9da734cbf3871bb-00",
        "User-Agent": "azsdk-net-ResourceManager/1.0.0-alpha.20220224.1 (.NET 6.0.2; Microsoft Windows 10.0.22000) azsdk-net-ResourceManager/1.0.0-alpha.20220224.1 (.NET 6.0.2; Microsoft Windows 10.0.22000)",
        "x-ms-client-request-id": "f741df771d1a0646531f7ed80e5d3ce5",
        "x-ms-return-client-request-id": "true"
      },
      "RequestBody": {
        "tags": {},
        "location": "eastus"
      },
      "StatusCode": 201,
      "ResponseHeaders": {
        "Cache-Control": "no-cache",
        "Content-Length": "265",
        "Content-Type": "application/json; charset=utf-8",
        "Date": "Thu, 24 Feb 2022 03:56:20 GMT",
        "Expires": "-1",
        "Pragma": "no-cache",
        "Strict-Transport-Security": "max-age=31536000; includeSubDomains",
        "X-Content-Type-Options": "nosniff",
        "x-ms-correlation-request-id": "d1fb63a4-1d90-44d3-b0fd-b460bbb39943",
        "x-ms-ratelimit-remaining-subscription-writes": "1157",
        "x-ms-request-id": "d1fb63a4-1d90-44d3-b0fd-b460bbb39943",
        "x-ms-routing-request-id": "KOREASOUTH:20220224T035620Z:d1fb63a4-1d90-44d3-b0fd-b460bbb39943"
      },
      "ResponseBody": {
        "id": "/subscriptions/ab716eee-96d3-4021-9fa7-1b01da5de034/resourceGroups/Default-AppConfiguration-2851",
        "name": "Default-AppConfiguration-2851",
        "type": "Microsoft.Resources/resourceGroups",
        "location": "eastus",
        "tags": {},
        "properties": {
          "provisioningState": "Succeeded"
        }
      }
    },
    {
      "RequestUri": "https://management.azure.com/subscriptions/ab716eee-96d3-4021-9fa7-1b01da5de034/resourceGroups/Default-AppConfiguration-2851/providers/Microsoft.AppConfiguration/configurationStores/testapp-5964?api-version=2021-10-01-preview",
      "RequestMethod": "PUT",
      "RequestHeaders": {
        "Accept": "application/json",
        "Authorization": "Sanitized",
        "Content-Length": "105",
        "Content-Type": "application/json",
        "traceparent": "00-3bf224ac6b1cbe59dcb930205998588b-72140b14f57fa49e-00",
        "User-Agent": "azsdk-net-ResourceManager.AppConfiguration/1.0.0-alpha.20220224.1 (.NET 6.0.2; Microsoft Windows 10.0.22000) azsdk-net-ResourceManager/1.0.0-alpha.20220224.1 (.NET 6.0.2; Microsoft Windows 10.0.22000)",
        "x-ms-client-request-id": "83bde086f60af721c80fc0824c486e55",
        "x-ms-return-client-request-id": "true"
      },
      "RequestBody": {
        "sku": {
          "name": "Standard"
        },
        "tags": {},
        "location": "eastus",
        "properties": {
          "publicNetworkAccess": "Disabled"
        }
      },
      "StatusCode": 201,
      "ResponseHeaders": {
        "Azure-AsyncOperation": "https://management.azure.com/subscriptions/ab716eee-96d3-4021-9fa7-1b01da5de034/providers/Microsoft.AppConfiguration/locations/eastus/operationsStatus/ab4f1767-d470-1b71-5c56-3ea47ac4dcf9?api-version=2021-10-01-preview",
        "Cache-Control": "no-cache",
        "Content-Length": "578",
        "Content-Type": "application/json; charset=utf-8",
        "Date": "Thu, 24 Feb 2022 03:56:22 GMT",
        "Expires": "-1",
        "Pragma": "no-cache",
        "Retry-After": "10",
        "Server": "nginx/1.17.10",
        "Strict-Transport-Security": "max-age=31536000; includeSubDomains",
        "X-Content-Type-Options": "nosniff",
        "x-ms-client-request-id": "83bde086f60af721c80fc0824c486e55",
        "x-ms-correlation-request-id": "1f0f1596-1228-4c1c-ad47-f2ad8151fae9",
        "x-ms-ratelimit-remaining-subscription-writes": "1156",
        "x-ms-request-id": "82f54671-dfa8-4ad7-be5d-616c04b2b16b",
        "x-ms-routing-request-id": "KOREASOUTH:20220224T035623Z:1f0f1596-1228-4c1c-ad47-f2ad8151fae9"
      },
      "ResponseBody": {
        "type": "Microsoft.AppConfiguration/configurationStores",
        "location": "eastus",
        "properties": {
          "provisioningState": "Creating",
          "creationDate": "2022-02-24T03:56:22.5570821\u002B00:00",
          "endpoint": null,
          "encryption": null,
          "privateEndpointConnections": null,
          "disableLocalAuth": null,
          "softDeleteRetentionInDays": null,
          "enablePurgeProtection": null
        },
        "sku": {
          "name": "Standard"
        },
        "systemData": null,
        "id": "/subscriptions/ab716eee-96d3-4021-9fa7-1b01da5de034/resourceGroups/Default-AppConfiguration-2851/providers/Microsoft.AppConfiguration/configurationStores/testapp-5964",
        "name": "testapp-5964",
        "tags": {}
      }
    },
    {
      "RequestUri": "https://management.azure.com/subscriptions/ab716eee-96d3-4021-9fa7-1b01da5de034/providers/Microsoft.AppConfiguration/locations/eastus/operationsStatus/ab4f1767-d470-1b71-5c56-3ea47ac4dcf9?api-version=2021-10-01-preview",
      "RequestMethod": "GET",
      "RequestHeaders": {
        "Authorization": "Sanitized",
        "User-Agent": "azsdk-net-ResourceManager/1.0.0-alpha.20220224.1 (.NET 6.0.2; Microsoft Windows 10.0.22000) azsdk-net-ResourceManager/1.0.0-alpha.20220224.1 (.NET 6.0.2; Microsoft Windows 10.0.22000)",
        "x-ms-client-request-id": "1d6291cec025e86d1f00510d858307d7",
        "x-ms-return-client-request-id": "true"
      },
      "RequestBody": null,
      "StatusCode": 200,
      "ResponseHeaders": {
        "Azure-AsyncOperation": "https://management.azure.com/subscriptions/ab716eee-96d3-4021-9fa7-1b01da5de034/providers/Microsoft.AppConfiguration/locations/eastus/operationsStatus/ab4f1767-d470-1b71-5c56-3ea47ac4dcf9?api-version=2021-10-01-preview",
        "Cache-Control": "no-cache",
        "Content-Length": "248",
        "Content-Type": "application/json; charset=utf-8",
        "Date": "Thu, 24 Feb 2022 03:56:23 GMT",
        "Expires": "-1",
        "Pragma": "no-cache",
        "Server": "nginx/1.17.10",
        "Strict-Transport-Security": "max-age=31536000; includeSubDomains",
        "Vary": "Accept-Encoding",
        "X-Content-Type-Options": "nosniff",
        "x-ms-client-request-id": "1d6291cec025e86d1f00510d858307d7",
        "x-ms-correlation-request-id": "1a727e85-fe8a-4d2b-8c7b-f2a4d3dc0b22",
        "x-ms-ratelimit-remaining-subscription-reads": "11820",
        "x-ms-request-id": "17317eb5-533f-47d0-92cb-704fc5cea402",
        "x-ms-routing-request-id": "KOREASOUTH:20220224T035623Z:1a727e85-fe8a-4d2b-8c7b-f2a4d3dc0b22"
      },
      "ResponseBody": {
        "id": "/subscriptions/ab716eee-96d3-4021-9fa7-1b01da5de034/providers/Microsoft.AppConfiguration/locations/eastus/operationsStatus/ab4f1767-d470-1b71-5c56-3ea47ac4dcf9",
        "name": "ab4f1767-d470-1b71-5c56-3ea47ac4dcf9",
        "status": "Succeeded",
        "error": null
      }
    },
    {
      "RequestUri": "https://management.azure.com/subscriptions/ab716eee-96d3-4021-9fa7-1b01da5de034/resourceGroups/Default-AppConfiguration-2851/providers/Microsoft.AppConfiguration/configurationStores/testapp-5964?api-version=2021-10-01-preview",
      "RequestMethod": "GET",
      "RequestHeaders": {
        "Authorization": "Sanitized",
        "User-Agent": "azsdk-net-ResourceManager/1.0.0-alpha.20220224.1 (.NET 6.0.2; Microsoft Windows 10.0.22000) azsdk-net-ResourceManager/1.0.0-alpha.20220224.1 (.NET 6.0.2; Microsoft Windows 10.0.22000)",
        "x-ms-client-request-id": "fb0d830f023d1e4b9850e2a9db0e2bb7",
        "x-ms-return-client-request-id": "true"
      },
      "RequestBody": null,
      "StatusCode": 200,
      "ResponseHeaders": {
        "Cache-Control": "no-cache",
        "Content-Length": "910",
        "Content-Type": "application/json; charset=utf-8",
        "Date": "Thu, 24 Feb 2022 03:56:23 GMT",
        "ETag": "W/\u0022a500b169-0000-0100-0000-621701e70000\u0022",
        "Expires": "-1",
        "Pragma": "no-cache",
        "Server": "nginx/1.17.10",
        "Strict-Transport-Security": "max-age=31536000; includeSubDomains",
        "Vary": "Accept-Encoding",
        "X-Content-Type-Options": "nosniff",
        "x-ms-client-request-id": "fb0d830f023d1e4b9850e2a9db0e2bb7",
        "x-ms-correlation-request-id": "7195a0cf-3a8b-49b5-8adb-20ad3c94e127",
        "x-ms-ratelimit-remaining-subscription-reads": "11819",
        "x-ms-request-id": "cf79c286-440a-4044-8f4d-47da81a9766e",
        "x-ms-routing-request-id": "KOREASOUTH:20220224T035624Z:7195a0cf-3a8b-49b5-8adb-20ad3c94e127"
      },
      "ResponseBody": {
        "type": "Microsoft.AppConfiguration/configurationStores",
        "location": "eastus",
        "properties": {
          "provisioningState": "Succeeded",
          "creationDate": "2022-02-24T03:56:22\u002B00:00",
          "endpoint": "https://testapp-5964.azconfig.io",
          "encryption": {
            "keyVaultProperties": null
          },
          "privateEndpointConnections": null,
          "publicNetworkAccess": "Disabled",
          "disableLocalAuth": false,
          "softDeleteRetentionInDays": 7,
          "enablePurgeProtection": false
        },
        "sku": {
          "name": "standard"
        },
        "systemData": {
          "createdBy": "bd84958d-be52-466e-a83e-99a66eae9864",
          "createdByType": "Application",
          "createdAt": "2022-02-24T03:56:22\u002B00:00",
          "lastModifiedBy": "bd84958d-be52-466e-a83e-99a66eae9864",
          "lastModifiedByType": "Application",
          "lastModifiedAt": "2022-02-24T03:56:23\u002B00:00"
        },
        "id": "/subscriptions/ab716eee-96d3-4021-9fa7-1b01da5de034/resourceGroups/default-appconfiguration-2851/providers/Microsoft.AppConfiguration/configurationStores/testapp-5964",
        "name": "testapp-5964",
        "tags": {}
      }
    },
    {
      "RequestUri": "https://management.azure.com/subscriptions/ab716eee-96d3-4021-9fa7-1b01da5de034/resourceGroups/Default-AppConfiguration-2851/providers/Microsoft.AppConfiguration/configurationStores/testapp-5964?api-version=2021-10-01-preview",
      "RequestMethod": "PUT",
      "RequestHeaders": {
        "Accept": "application/json",
        "Authorization": "Sanitized",
        "Content-Length": "205",
        "Content-Type": "application/json",
        "traceparent": "00-6fd6892e0f33f8f033021add52a60c92-6781e3121d632165-00",
        "User-Agent": "azsdk-net-ResourceManager.AppConfiguration/1.0.0-alpha.20220224.1 (.NET 6.0.2; Microsoft Windows 10.0.22000) azsdk-net-ResourceManager/1.0.0-alpha.20220224.1 (.NET 6.0.2; Microsoft Windows 10.0.22000)",
        "x-ms-client-request-id": "bbb46d9450e6402ff415c4c91639e61d",
        "x-ms-return-client-request-id": "true"
      },
      "RequestBody": {
        "sku": {
          "name": "standard"
        },
        "tags": {},
        "location": "eastus",
        "properties": {
          "encryption": {},
          "publicNetworkAccess": "Enabled",
          "disableLocalAuth": false,
          "softDeleteRetentionInDays": 7,
          "enablePurgeProtection": false
        }
      },
      "StatusCode": 200,
      "ResponseHeaders": {
        "Cache-Control": "no-cache",
        "Content-Length": "909",
        "Content-Type": "application/json; charset=utf-8",
        "Date": "Thu, 24 Feb 2022 03:56:23 GMT",
        "ETag": "W/\u0022a500e269-0000-0100-0000-621701e80000\u0022",
        "Expires": "-1",
        "Pragma": "no-cache",
        "Server": "nginx/1.17.10",
        "Strict-Transport-Security": "max-age=31536000; includeSubDomains",
        "Vary": "Accept-Encoding",
        "X-Content-Type-Options": "nosniff",
        "x-ms-client-request-id": "bbb46d9450e6402ff415c4c91639e61d",
        "x-ms-correlation-request-id": "7869c8fa-5f32-448a-8e06-409fa67f15df",
        "x-ms-ratelimit-remaining-subscription-writes": "1155",
        "x-ms-request-id": "71ee5053-9918-444c-bc81-2c6e8723a484",
        "x-ms-routing-request-id": "KOREASOUTH:20220224T035624Z:7869c8fa-5f32-448a-8e06-409fa67f15df"
      },
      "ResponseBody": {
        "type": "Microsoft.AppConfiguration/configurationStores",
        "location": "eastus",
        "properties": {
          "provisioningState": "Succeeded",
          "creationDate": "2022-02-24T03:56:22\u002B00:00",
          "endpoint": "https://testapp-5964.azconfig.io",
          "encryption": {
            "keyVaultProperties": null
          },
          "privateEndpointConnections": null,
          "publicNetworkAccess": "Enabled",
          "disableLocalAuth": false,
          "softDeleteRetentionInDays": 7,
          "enablePurgeProtection": false
        },
        "sku": {
          "name": "standard"
        },
        "systemData": {
          "createdBy": "bd84958d-be52-466e-a83e-99a66eae9864",
          "createdByType": "Application",
          "createdAt": "2022-02-24T03:56:22\u002B00:00",
          "lastModifiedBy": "bd84958d-be52-466e-a83e-99a66eae9864",
          "lastModifiedByType": "Application",
          "lastModifiedAt": "2022-02-24T03:56:25\u002B00:00"
        },
        "id": "/subscriptions/ab716eee-96d3-4021-9fa7-1b01da5de034/resourceGroups/default-appconfiguration-2851/providers/Microsoft.AppConfiguration/configurationStores/testapp-5964",
        "name": "testapp-5964",
        "tags": {}
      }
    }
  ],
  "Variables": {
    "RandomSeed": "1318855616",
    "RESOURCE_MANAGER_URL": null,
    "SUBSCRIPTION_ID": "ab716eee-96d3-4021-9fa7-1b01da5de034"
  }
}
